┌──────────────────┐
│   Application    │
└─────────┬────────┘
          │
 Put / Get│
          │
┌─────────▼────────┐
│   Store client   │
└─────────▲────────┘
          │
          │
          │
          │
          │
          │                                                                                DFS backend range I/O
          ├──────────────────────────────────┬────────────────┬───────────────────────┬───────────────────────┬───────────────────────╮
          ┆                                  │                │                       │                       │                       │
          ┆                                  │                │                       │                       │                       │
          ┆                                  │                │                       │                       │                       │
          ┆                                  │                │                       │                       │                       │
          ┆                                  │                │                       │                       │                       │
          ┆                                  │                │                       │                       │                       │
          ┆                                  │                │                       │                       │                       │
          ┆      Transfer Engine / local copy│                │                       │                       │                       │
          ┆Placement / completion            │                │                       │        Storage backend│                       │
          ┆/ lookup RPC                      │                │                       │        file I/O       │                       │
          ┆                                  │                │                       │                       │                       │
          ┆                                  │  SPDK block I/O│  Restore via owner RPC│                       │                       │
          ┆                                  │                │                       │                       │                       │
          ┆               ┌──────────────────┼────────────────┼───────────────────────┼───────────────────────┼───────────────────────┼──────────┐
          ┆               │ Storage resources│                │                       │                       │                       │          │
          ┆               │           ╭──────╯                │                       │                       │                       │          │
          ┆               │           │                       │                       │                       │                       │          │
          ┆               │           │                       │                       │                       │                       │          │
┌─────────▼────────┐      │ ┌─────────▼────────┐    ┌─────────▼────────┐    ┌─────────▼────────┐    ┌─────────▼────────┐    ┌─────────▼────────┐ │
│                  │ [1]  │ │                  │    │   NVMe-oF SSD:   │    │ Owner-local SSD: │    │  Backend files:  │    │      Shared      │ │
│  MasterService   ├┄┄┄┄┄┄▶ │   DRAM: MEMORY   ├──╮ │     NOF_SSD      │  ╭─▶    LOCAL_DISK    │    │       DISK       │    │    filesystem    │ │
│                  │      │ │                  │  │ │                  │  │ │                  │    │                  │    │   ranges: DFS    │ │
└──────────────────┘      │ └──────────────────┘  │ └──────────────────┘  │ └──────────────────┘    └──────────────────┘    └──────────────────┘ │
                          │                       │                       │Owner FileStorage offload                                             │
                          └───────────────────────┴───────────────────────┴──────────────────────────────────────────────────────────────────────┘

[1] Replica lifecycle control
