
                                          ┌─────────────────────────────────────────────────────────────────────────────────────────────────────────────────────────────────────────────────────────┐
                                          │ Data plane                                                                                                                                              │
                                          │                                                                                                                                                         │
                                          │                                                                                                                                                         │
                                          │                                                                                                                                                         │
                                          │                                                                     ┌─────────────────────────────────────────────────────────────────────────────────┐ │
                                          │                                                                     │ Pod B: shared DRAM and local SSD                                                │ │
                                          │                                                                     │                                                                                 │ │
                                          │                                                                     │                                                                                 │ │
                                          │                                                                     │                                                                                 │ │
   ┌────────────────────┐                 │ ┌────────────────┐                       ┌────────────────────┐     │ ┌────────────────────┐          ┌────────────┐           ┌────────────────────┐ │ │
   │                    │                 │ │                │                       │                    │     │ │                    │          │            │           │                    │ │ │
   │Application: vLLM / │     Put / Get   │ │Pod A: Client / │       SPDK: NVMe-oF   │  NOF_SSD: shared   │     │ │                    │Offload   │ Client B / │ Local I/O │LOCAL_DISK: offload │ │ │
   │       SGLang       ├─────────────────┼─▶   RealClient   ├────┬──────────────────▶    NVMe-oF SSD     │   ╭─┼─▶MEMORY: shared DRAM ├─────┬────▶FileStorage ├───────────▶        SSD         │ │ │
   │                    │                 │ │                │    │                  │                    │   │ │ │                    │     │    │            │           │                    │ │ │
   │                    │                 │ │                │    │                  │                    │   │ │ │                    │     │    │            │           │                    │ │ │
   └────────────────────┘                 │ └────────▲───────┘    │                  └────────────────────┘   │ │ └────────────────────┘     │    └──────▲─────┘           └────────────────────┘ │ │
                                          │          ┆            │                Transfer Engine: RDMA / TCP│ │     Restore RPC and TE pull│           ┆Offload task replies                    │ │
                                          │          ┆            │                                           │ └────────────────────────────┼───────────┼────────────────────────────────────────┘ │
                           Descriptors via│          ┆            │                                           │                              │           ┆                                          │
 ┌────────────────────────┐MasterClient   │          ┆            │                                           │                              │           ┆                                          │
 │ Control plane╭┄┄┄┄┄┄┄┄┄┼┄┄┄┄┄┄┄┄┄┄┄┄┄┄┄┼┄┄┄┄┄┄┄┄┄┄╯            │            ╭┄┄┄┄┄┄┄┄┄┄┄┄┄┄┄┄┄┄┄┄┄┄┄┄┄┄┄┄┄┄x┄┄┄┄┄┄┄┄┄┄┄┄┄┄┄┄┄┄┄┄┄┄┄┄┄┄┄┄┄┄x┄┄┄┄┄┄┄┄┄┄┄╯                                          │
 │            ┌─┴┄┄┄┄┄┄┄┄┄┼┄┄┄┄┄┄┄┄┄┄┄┄┄╮ │                       │            ┆                              │                              │                                                      │
 │            │           │             ┆ │                       │            ┆                              │                              │                                                      │
 │            │           │             ┆ │                       │            ┆                              │                              │                                                      │
 │ ┌──────────┴─────────┐ │             ╰┄┼┄┄┄┄┄┄┄┄┄┄┄┄┄┄┄┄┄┄┄┄┄┄┄x┄┄┄┄┄┄┄┄┄┄┄┄╯     ┌────────────────────┐   │                              │                                                      │
 │ │                    │ │               │                       │  DFS backend:    │                    │   │                              │                                                      │
 │ │                    │ │               │                       │  POSIX / HF3FS   │    DFS: shared     │   │                              │                                                      │
 │ │   MasterService    │ │               │                       ├──────────────────▶     filesystem     │   │                              │                                                      │
 │ │                    │ │               │                       │                  │                    │   │                              │                                                      │
 │ │                    │ │               │                       │                  │                    │   │                              │                                                      │
 │ └────────────────────┘ │               │                       │                  └────────────────────┘   │                              │                                                      │
 │                        │               │                       │                                           │                              │                                                      │
 └────────────────────────┘               │                       │                                           │                              │                                                      │
                                          │                       │                                           │                              │                                                      │
                                          │                       │                                           │                              │                                                      │
                                          │                       ├───────────────────────────────────────────┴──────────────────────────────╯                                                      │
                                          │                       │                                                                                                                                 │
                                          │                       │                                                                                                                                 │
                                          │                       │                                                                                                                                 │
                                          │                       │                  ┌────────────────────┐                                                                                         │
                                          │                       │                  │                    │                                                                                         │
                                          │                       │File backend I/O  │                    │                                                                                         │
                                          │                       ╰──────────────────▶DISK: backend files │                                                                                         │
                                          │                                          │                    │                                                                                         │
                                          │                                          │                    │                                                                                         │
                                          │                                          └────────────────────┘                                                                                         │
                                          │                                                                                                                                                         │
                                          └─────────────────────────────────────────────────────────────────────────────────────────────────────────────────────────────────────────────────────────┘
